Failed password for root from 10.10.10.10
